[apdash.themetags.com/index.html]
[apdash.themetags.com/assets/img/favicon.png]
[backblue.gif]
[fade.gif]
[index.html]
[apdash.themetags.com/assets/img/logo-color.png]
[apdash.themetags.com/assets/img/logo-white.png]
[apdash.themetags.com/assets/css/main.css]
[apdash.themetags.com/index-2.html]
[apdash.themetags.com/index-3.html]
[apdash.themetags.com/index-4.html]
[apdash.themetags.com/index-5.html]
[apdash.themetags.com/index-6.html]
[apdash.themetags.com/index-7.html]
[apdash.themetags.com/index-8.html]
[apdash.themetags.com/index-9.html]
[apdash.themetags.com/index-10.html]
[apdash.themetags.com/index-11.html]
[apdash.themetags.com/login.html]
[apdash.themetags.com/sign-up.html]
[apdash.themetags.com/password-reset.html]
[apdash.themetags.com/faq.html]
[apdash.themetags.com/404.html]
[apdash.themetags.com/coming-soon.html]
[apdash.themetags.com/thank-you.html]
[apdash.themetags.com/download.html]
[apdash.themetags.com/review.html]
[apdash.themetags.com/team.html]
[apdash.themetags.com/team-single.html]
[apdash.themetags.com/blog-default.html]
[apdash.themetags.com/blog-no-sidebar.html]
[apdash.themetags.com/blog-left-sidebar.html]
[apdash.themetags.com/blog-right-sidebar.html]
[apdash.themetags.com/blog-single-left-sidebar.html]
[apdash.themetags.com/blog-single-right-sidebar.html]
[apdash.themetags.com/about-us.html]
[apdash.themetags.com/contact-us.html]
[apdash.themetags.com/sale-invoice.html]
[apdash.themetags.com/assets/img/hero-bottom-shape-2.svg]
[apdash.themetags.com/assets/img/app-mobile-image.png]
[apdash.themetags.com/assets/img/app-mobile-image-2.png]
[apdash.themetags.com/assets/img/about-us.png]
[apdash.themetags.com/assets/img/01.jpg]
[apdash.themetags.com/assets/img/02.jpg]
[apdash.themetags.com/assets/img/03.jpg]
[apdash.themetags.com/assets/img/04.jpg]
[apdash.themetags.com/assets/img/05.jpg]
[apdash.themetags.com/assets/img/06.jpg]
[apdash.themetags.com/assets/img/app-mobile-image-3.png]
[apdash.themetags.com/assets/img/priching-img-1.png]
[apdash.themetags.com/assets/img/priching-img-2.png]
[apdash.themetags.com/assets/img/priching-img-3.png]
[apdash.themetags.com/assets/img/health.png]
[apdash.themetags.com/assets/img/client/1.jpg]
[apdash.themetags.com/assets/img/client/2.jpg]
[apdash.themetags.com/assets/img/client/3.jpg]
[apdash.themetags.com/assets/img/client/4.jpg]
[apdash.themetags.com/assets/img/team/team-member-1.png]
[apdash.themetags.com/assets/img/team/team-member-2.png]
[apdash.themetags.com/assets/img/team/team-member-3.png]
[apdash.themetags.com/assets/img/team/team-member-4.png]
[apdash.themetags.com/assets/img/blog/1.jpg]
[apdash.themetags.com/assets/img/blog/2.jpg]
[apdash.themetags.com/assets/img/blog/3.jpg]
[apdash.themetags.com/assets/img/customers/clients-logo-01.png]
[apdash.themetags.com/assets/img/customers/clients-logo-02.png]
[apdash.themetags.com/assets/img/customers/clients-logo-03.png]
[apdash.themetags.com/assets/img/customers/clients-logo-04.png]
[apdash.themetags.com/assets/img/customers/clients-logo-05.png]
[apdash.themetags.com/assets/img/customers/clients-logo-06.png]
[apdash.themetags.com/assets/img/customers/clients-logo-07.png]
[apdash.themetags.com/assets/img/customers/clients-logo-08.png]
[apdash.themetags.com/assets/js/vendors/popper.min.js]
[apdash.themetags.com/assets/js/vendors/jquery-3.5.1.min.js]
[apdash.themetags.com/assets/js/vendors/bootstrap.min.js]
[apdash.themetags.com/assets/js/vendors/jquery.easing.min.js]
[apdash.themetags.com/assets/js/vendors/owl.carousel.min.js]
[apdash.themetags.com/assets/js/vendors/countdown.min.js]
[apdash.themetags.com/assets/js/vendors/jquery.waypoints.min.js]
[apdash.themetags.com/assets/js/vendors/jquery.rcounterup.js]
[apdash.themetags.com/assets/js/vendors/magnific-popup.min.js]
[apdash.themetags.com/assets/js/vendors/validator.min.js]
[apdash.themetags.com/index.html]
[apdash.themetags.com/assets/js/app.js]
[apdash.themetags.com/assets/img/about-bg-shape.svg]
[apdash.themetags.com/assets/webfonts/fa-regular-400.eot]
[apdash.themetags.com/assets/webfonts/fa-regular-400d41d.eot]
[apdash.themetags.com/assets/webfonts/fa-regular-400.woff2]
[apdash.themetags.com/assets/webfonts/fa-regular-400.woff]
[apdash.themetags.com/assets/webfonts/fa-regular-400.ttf]
[apdash.themetags.com/assets/webfonts/fa-regular-400.svg]
[apdash.themetags.com/assets/webfonts/fa-solid-900.eot]
[apdash.themetags.com/assets/webfonts/fa-solid-900d41d.eot]
[apdash.themetags.com/assets/webfonts/fa-solid-900.woff]
[apdash.themetags.com/assets/webfonts/fa-solid-900.ttf]
[apdash.themetags.com/assets/webfonts/fa-solid-900.svg]
[apdash.themetags.com/assets/webfonts/fa-brands-400.woff]
[apdash.themetags.com/assets/webfonts/fa-brands-400.ttf]
[apdash.themetags.com/assets/fonts/themify.eot]
[apdash.themetags.com/assets/fonts/themifyd41d.eot]
[apdash.themetags.com/assets/fonts/themify.woff]
[apdash.themetags.com/assets/fonts/themify.ttf]
[apdash.themetags.com/assets/webfonts/fa-brands-400.svg]
[apdash.themetags.com/assets/img/hero-bg-shape-1.svg]
[apdash.themetags.com/assets/img/image-mask-shape.svg]
[apdash.themetags.com/assets/img/iphone-mask.png]
[apdash.themetags.com/assets/css/main.css]
[apdash.themetags.com/assets/img/about1.jpg]
[apdash.themetags.com/index-2.html]
[apdash.themetags.com/assets/img/slider-bg-1.jpg]
[apdash.themetags.com/assets/img/hero5-app.png]
[apdash.themetags.com/index-3.html]
[apdash.themetags.com/assets/img/mobile-pana.svg]
[apdash.themetags.com/assets/img/combined-shape.svg]
[apdash.themetags.com/assets/img/shape-1.svg]
[apdash.themetags.com/assets/img/shape-2.svg]
[apdash.themetags.com/assets/img/hero-image.svg]
[apdash.themetags.com/assets/img/app-icon-3.svg]
[apdash.themetags.com/assets/img/app-icon-4.svg]
[apdash.themetags.com/assets/img/app-icon-5.svg]
[apdash.themetags.com/assets/img/app-icon-7.svg]
[apdash.themetags.com/assets/img/app-icon-8.svg]
[apdash.themetags.com/assets/img/app-icon-9.svg]
[apdash.themetags.com/index-4.html]
[apdash.themetags.com/index-5.html]
[apdash.themetags.com/assets/img/header-img2.jpg]
[apdash.themetags.com/assets/img/macbook.png]
[apdash.themetags.com/index-6.html]
[apdash.themetags.com/assets/img/app-icon-6.svg]
[apdash.themetags.com/index-7.html]
[apdash.themetags.com/index-8.html]
[apdash.themetags.com/assets/img/home-banner-img.png]
[apdash.themetags.com/index-9.html]
[apdash.themetags.com/assets/img/hero-new-bg.svg]
[apdash.themetags.com/assets/img/app-hand-top.png]
[apdash.themetags.com/index-10.html]
[apdash.themetags.com/assets/img/offer-bg.svg]
[apdash.themetags.com/index-11.html]
[apdash.themetags.com/login.html]
[apdash.themetags.com/sign-up.html]
[apdash.themetags.com/password-reset.html]
[apdash.themetags.com/faq.html]
[apdash.themetags.com/404.html]
[apdash.themetags.com/coming-soon.html]
[apdash.themetags.com/thank-you.html]
[apdash.themetags.com/download.html]
[apdash.themetags.com/review.html]
[apdash.themetags.com/assets/img/app-offer-img.svg]
[apdash.themetags.com/assets/img/team/team-member-5.png]
[apdash.themetags.com/assets/img/team/team-member-6.png]
[apdash.themetags.com/assets/img/team/team-member-7.png]
[apdash.themetags.com/assets/img/team/team-member-8.png]
[apdash.themetags.com/team.html]
[apdash.themetags.com/assets/img/hero-bg-1.jpg]
[apdash.themetags.com/assets/img/team/6.jpg]
[apdash.themetags.com/team-single.html]
[apdash.themetags.com/assets/img/blog/4.jpg]
[apdash.themetags.com/assets/img/blog/5.jpg]
[apdash.themetags.com/assets/img/blog/6.jpg]
[apdash.themetags.com/blog-default.html]
[apdash.themetags.com/assets/img/blog/1-w.jpg]
[apdash.themetags.com/assets/img/blog/2-w.jpg]
[apdash.themetags.com/assets/img/blog/3-w.jpg]
[apdash.themetags.com/assets/img/blog/4-w.jpg]
[apdash.themetags.com/blog-no-sidebar.html]
[apdash.themetags.com/blog-left-sidebar.html]
[apdash.themetags.com/blog-right-sidebar.html]
[apdash.themetags.com/blog-single-left-sidebar.html]
[apdash.themetags.com/blog-single-right-sidebar.html]
[apdash.themetags.com/about-us.html]
[apdash.themetags.com/contact-us.html]
[apdash.themetags.com/sale-invoice.html]
[apdash.themetags.com/assets/img/hero-bottom-shape-2.svg]
[apdash.themetags.com/fonts/proxima_nova/proxima-nova-light-italic-webfontd41d.html]
[apdash.themetags.com/fonts/proxima_nova/proxima-nova-light-italic-webfont.html]
[apdash.themetags.com/fonts/proxima_nova/proxima-nova-light-italic-webfont-2.html]
[apdash.themetags.com/fonts/proxima_nova/proxima-nova-light-italic-webfont-3.html]
[apdash.themetags.com/fonts/proxima_nova/proxima-nova-light-webfontd41d.html]
[apdash.themetags.com/fonts/proxima_nova/proxima-nova-light-webfont.html]
[apdash.themetags.com/fonts/proxima_nova/proxima-nova-light-webfont-2.html]
[apdash.themetags.com/fonts/proxima_nova/proxima-nova-light-webfont-3.html]
[apdash.themetags.com/fonts/proxima_nova/proxima-nova-regular-italic-webfontd41d.html]
[apdash.themetags.com/fonts/proxima_nova/proxima-nova-regular-italic-webfont.html]
[apdash.themetags.com/fonts/proxima_nova/proxima-nova-regular-italic-webfont-2.html]
[apdash.themetags.com/fonts/proxima_nova/proxima-nova-regular-italic-webfont-3.html]
[apdash.themetags.com/fonts/proxima_nova/proxima-nova-regular-webfontd41d.html]
[apdash.themetags.com/fonts/proxima_nova/proxima-nova-regular-webfont.html]
[apdash.themetags.com/fonts/proxima_nova/proxima-nova-regular-webfont-2.html]
[apdash.themetags.com/fonts/proxima_nova/proxima-nova-regular-webfont-3.html]
[apdash.themetags.com/fonts/proxima_nova/proxima-nova-bold-italic-webfontd41d.html]
[apdash.themetags.com/fonts/proxima_nova/proxima-nova-bold-italic-webfont.html]
[apdash.themetags.com/fonts/proxima_nova/proxima-nova-bold-italic-webfont-2.html]
[apdash.themetags.com/fonts/proxima_nova/proxima-nova-bold-italic-webfont-3.html]
[apdash.themetags.com/fonts/proxima_nova/proxima-nova-semibold-italic-webfontd41d.html]
[apdash.themetags.com/fonts/proxima_nova/proxima-nova-semibold-italic-webfont.html]
[apdash.themetags.com/fonts/proxima_nova/proxima-nova-semibold-italic-webfont-2.html]
[apdash.themetags.com/fonts/proxima_nova/proxima-nova-semibold-italic-webfont-3.html]
[apdash.themetags.com/fonts/proxima_nova/proxima-nova-semibold-webfontd41d.html]
[apdash.themetags.com/fonts/proxima_nova/proxima-nova-semibold-webfont.html]
[apdash.themetags.com/fonts/proxima_nova/proxima-nova-semibold-webfont-2.html]
[apdash.themetags.com/fonts/proxima_nova/proxima-nova-semibold-webfont-3.html]
[apdash.themetags.com/fonts/proxima_nova/proxima-nova-bold-webfontd41d.html]
[apdash.themetags.com/fonts/proxima_nova/proxima-nova-bold-webfont.html]
[apdash.themetags.com/fonts/proxima_nova/proxima-nova-bold-webfont-2.html]
[apdash.themetags.com/fonts/proxima_nova/proxima-nova-bold-webfont-3.html]
[apdash.themetags.com/assets/img/about-bg-shape.svg]
[apdash.themetags.com/assets/webfonts/fa-regular-400.svg]
[apdash.themetags.com/assets/webfonts/fa-solid-900.svg]
[apdash.themetags.com/assets/webfonts/fa-brands-400.svg]
[apdash.themetags.com/assets/fonts/themify.html]
[apdash.themetags.com/assets/css/owl.video.play.html]
[apdash.themetags.com/assets/img/hero-bg-shape-1.svg]
[apdash.themetags.com/assets/img/image-mask-shape.svg]
[apdash.themetags.com/assets/webfonts/fa-brands-400.eot]
[apdash.themetags.com/assets/webfonts/fa-brands-400.woff2]
[apdash.themetags.com/assets/img/mobile-pana.svg]
[apdash.themetags.com/assets/img/combined-shape.svg]
[apdash.themetags.com/assets/img/shape-1.svg]
[apdash.themetags.com/assets/img/shape-2.svg]
[apdash.themetags.com/assets/img/hero-image.svg]
[apdash.themetags.com/assets/img/hero-bg-shape-4.svg]
[apdash.themetags.com/assets/img/app-icon-3.svg]
[apdash.themetags.com/assets/img/app-icon-4.svg]
[apdash.themetags.com/assets/img/app-icon-5.svg]
[apdash.themetags.com/assets/img/app-icon-7.svg]
[apdash.themetags.com/assets/img/app-icon-8.svg]
[apdash.themetags.com/assets/img/app-icon-9.svg]
[apdash.themetags.com/assets/img/app-icon-6.svg]
[apdash.themetags.com/assets/img/wave-shap.svg]
[apdash.themetags.com/assets/img/hero-new-bg.svg]
[apdash.themetags.com/assets/img/hero-angle-2.svg]
[apdash.themetags.com/assets/img/offer-bg.svg]
[apdash.themetags.com/assets/img/app-offer-img.svg]
[apdash.themetags.com/blog-single.html]
[apdash.themetags.com/assets/webfonts/fa-solid-900.woff2]
[apdash.themetags.com/assets/img/cta-bg.jpg]
[apdash.themetags.com/assets/webfonts/fa-brands-400d41d.eot]
[apdash.themetags.com/assets/img/hero-angle-2.svg]
[apdash.themetags.com/assets/img/wave-shap.svg]
[apdash.themetags.com/assets/img/curve-shape-top.svg]
[apdash.themetags.com/assets/img/50C3B42D.html]
[apdash.themetags.com/assets/img/288.html]
[apdash.themetags.com/assets/img/195.html]
