[www.aksisweb.com/theme/fixed/layouts-1/index.html]
[backblue.gif]
[fade.gif]
[index.html]
[www.aksisweb.com/theme/fixed/layouts-1/assets/img/icon.png]
[www.aksisweb.com/theme/fixed/layouts-1/assets/lib/bootstrap/css/bootstrap.min.css]
[www.aksisweb.com/theme/fixed/layouts-1/assets/lib/vectormap/jquery-jvectormap-2.0.2.css]
[www.aksisweb.com/theme/fixed/layouts-1/assets/lib/chart-c3/c3.min.css]
[www.aksisweb.com/theme/fixed/layouts-1/assets/lib/chartjs/chartjs-sass-default.css]
[www.aksisweb.com/theme/fixed/layouts-1/assets/lib/datatables/jquery.dataTables.min.css]
[www.aksisweb.com/theme/fixed/layouts-1/assets/lib/datatables/responsive.bootstrap.min.css]
[www.aksisweb.com/theme/fixed/layouts-1/assets/lib/toast/jquery.toast.min.css]
[www.aksisweb.com/theme/fixed/layouts-1/assets/scss/style.css]
[www.aksisweb.com/theme/fixed/layouts-1/assets/img/logo-dark.png]
[www.aksisweb.com/theme/fixed/layouts-1/assets/img/avtar-2.png]
[www.aksisweb.com/theme/fixed/layouts-1/assets/img/avtar-3.png]
[www.aksisweb.com/theme/fixed/layouts-1/assets/img/avtar-4.png]
[www.aksisweb.com/theme/fixed/layouts-1/assets/img/avtar-5.png]
[www.aksisweb.com/theme/fixed/layouts-1/assets/img/avtar-1.png]
[www.aksisweb.com/theme/fixed/layouts-1/assets/img/avtar-6.png]
[www.aksisweb.com/theme/fixed/layouts-1/widgets-apps.html]
[www.aksisweb.com/theme/fixed/layouts-1/widgets-data.html]
[www.aksisweb.com/theme/fixed/layouts-1/app-calendar.html]
[www.aksisweb.com/theme/fixed/layouts-1/app-chat.html]
[www.aksisweb.com/theme/fixed/layouts-1/app-ticket.html]
[www.aksisweb.com/theme/fixed/layouts-1/app-contact.html]
[www.aksisweb.com/theme/fixed/layouts-1/app-contact-detail.html]
[www.aksisweb.com/theme/fixed/layouts-1/mail-index.html]
[www.aksisweb.com/theme/fixed/layouts-1/mail-view.html]
[www.aksisweb.com/theme/fixed/layouts-1/mail-compose.html]
[www.aksisweb.com/theme/fixed/layouts-1/ui-jquery-elements.html]
[www.aksisweb.com/theme/fixed/layouts-1/ui-bootstrap-elements.html]
[www.aksisweb.com/theme/fixed/layouts-1/ui-typography.html]
[www.aksisweb.com/theme/fixed/layouts-1/ui-icons.html]
[www.aksisweb.com/theme/fixed/layouts-1/ui-buttons.html]
[www.aksisweb.com/theme/fixed/layouts-1/ui-cards.html]
[www.aksisweb.com/theme/fixed/layouts-1/ui-tabs.html]
[www.aksisweb.com/theme/fixed/layouts-1/ui-card-master.html]
[www.aksisweb.com/theme/fixed/layouts-1/ui-tip-pop.html]
[www.aksisweb.com/theme/fixed/layouts-1/ui-sweetalerts.html]
[www.aksisweb.com/theme/fixed/layouts-1/ui-alertify.html]
[www.aksisweb.com/theme/fixed/layouts-1/ui-modals.html]
[www.aksisweb.com/theme/fixed/layouts-1/ui-notification.html]
[www.aksisweb.com/theme/fixed/layouts-1/ui-progress.html]
[www.aksisweb.com/theme/fixed/layouts-1/ui-grid.html]
[www.aksisweb.com/theme/fixed/layouts-1/ui-carousel.html]
[www.aksisweb.com/theme/fixed/layouts-1/ui-range-slider.html]
[www.aksisweb.com/theme/fixed/layouts-1/ui-nestable.html]
[www.aksisweb.com/theme/fixed/layouts-1/ui-treeview.html]
[www.aksisweb.com/theme/fixed/layouts-1/ui-draggable-cards.html]
[www.aksisweb.com/theme/fixed/layouts-1/form-basic.html]
[www.aksisweb.com/theme/fixed/layouts-1/form-validations.html]
[www.aksisweb.com/theme/fixed/layouts-1/form-masks.html]
[www.aksisweb.com/theme/fixed/layouts-1/form-picker.html]
[www.aksisweb.com/theme/fixed/layouts-1/form-editor.html]
[www.aksisweb.com/theme/fixed/layouts-1/form-file-upload.html]
[www.aksisweb.com/theme/fixed/layouts-1/form-wizard.html]
[www.aksisweb.com/theme/fixed/layouts-1/table-basic.html]
[www.aksisweb.com/theme/fixed/layouts-1/table-data.html]
[www.aksisweb.com/theme/fixed/layouts-1/table-js-grid.html]
[www.aksisweb.com/theme/fixed/layouts-1/table-foo.html]
[www.aksisweb.com/theme/fixed/layouts-1/chart-flot.html]
[www.aksisweb.com/theme/fixed/layouts-1/chart-morris.html]
[www.aksisweb.com/theme/fixed/layouts-1/chart-radial.html]
[www.aksisweb.com/theme/fixed/layouts-1/chart-c3.html]
[www.aksisweb.com/theme/fixed/layouts-1/chart-sparkline.html]
[www.aksisweb.com/theme/fixed/layouts-1/chart-rickshaw.html]
[www.aksisweb.com/theme/fixed/layouts-1/chart-chartjs.html]
[www.aksisweb.com/theme/fixed/layouts-1/map-vector.html]
[www.aksisweb.com/theme/fixed/layouts-1/map-google.html]
[www.aksisweb.com/theme/fixed/layouts-1/ecommerce-add.html]
[www.aksisweb.com/theme/fixed/layouts-1/ecommerce-products.html]
[www.aksisweb.com/theme/fixed/layouts-1/ecommerce-orders.html]
[www.aksisweb.com/theme/fixed/layouts-1/corporate-add.html]
[www.aksisweb.com/theme/fixed/layouts-1/corporate-pages.html]
[www.aksisweb.com/theme/fixed/layouts-1/examples-add-and-update.html]
[www.aksisweb.com/theme/fixed/layouts-1/examples-delete.html]
[www.aksisweb.com/theme/fixed/layouts-1/page-blank.html]
[www.aksisweb.com/theme/fixed/layouts-1/page-login.html]
[www.aksisweb.com/theme/fixed/layouts-1/page-register.html]
[www.aksisweb.com/theme/fixed/layouts-1/page-forget-password.html]
[www.aksisweb.com/theme/fixed/layouts-1/page-lockscreen.html]
[www.aksisweb.com/theme/fixed/layouts-1/page-404.html]
[www.aksisweb.com/theme/fixed/layouts-1/page-gallery.html]
[www.aksisweb.com/theme/fixed/layouts-1/page-timeline.html]
[www.aksisweb.com/theme/fixed/layouts-1/page-invoice.html]
[www.aksisweb.com/theme/fixed/layouts-1/page-profile.html]
[www.aksisweb.com/theme/fixed/layouts-1/page-faqs.html]
[www.aksisweb.com/theme/fixed/layouts-1/page-pricing.html]
[www.aksisweb.com/theme/fixed/layouts-1/assets/img/gallery/1s.jpg]
[www.aksisweb.com/theme/fixed/layouts-1/assets/img/gallery/2s.jpg]
[www.aksisweb.com/theme/fixed/layouts-1/assets/img/gallery/3s.jpg]
[www.aksisweb.com/theme/fixed/layouts-1/assets/img/gallery/4s.jpg]
[www.aksisweb.com/theme/fixed/layouts-1/assets/img/browser/chrome-logo.png]
[www.aksisweb.com/theme/fixed/layouts-1/assets/img/browser/firefox-logo.png]
[www.aksisweb.com/theme/fixed/layouts-1/assets/img/browser/safari-logo.png]
[www.aksisweb.com/theme/fixed/layouts-1/assets/img/browser/internet-logo.png]
[www.aksisweb.com/theme/fixed/layouts-1/assets/img/browser/opera-logo.png]
[www.aksisweb.com/theme/fixed/layouts-1/assets/lib/pace/pace.min.js]
[www.aksisweb.com/theme/fixed/layouts-1/assets/lib/bootstrap/js/bootstrap.min.js]
[www.aksisweb.com/theme/fixed/layouts-1/assets/lib/jasny-bootstrap/js/jasny-bootstrap.min.js]
[www.aksisweb.com/theme/fixed/layouts-1/assets/lib/bootstrap/js/popper.min.js]
[www.aksisweb.com/theme/fixed/layouts-1/assets/lib/jquery/dist/jquery.min.js]
[www.aksisweb.com/theme/fixed/layouts-1/assets/lib/slimscroll/jquery.slimscroll.min.js]
[www.aksisweb.com/theme/fixed/layouts-1/assets/lib/nano-scroll/jquery.nanoscroller.min.js]
[www.aksisweb.com/theme/fixed/layouts-1/assets/lib/metisMenu/metisMenu.min.js]
[www.aksisweb.com/theme/fixed/layouts-1/assets/js/custom.js]
[www.aksisweb.com/theme/fixed/layouts-1/assets/lib/chartjs/chartjs-sass.js]
[www.aksisweb.com/theme/fixed/layouts-1/assets/lib/chartjs/chart.min.js]
[www.aksisweb.com/theme/fixed/layouts-1/assets/lib/vectormap/jquery-jvectormap-2.0.2.min.js]
[www.aksisweb.com/theme/fixed/layouts-1/assets/lib/vectormap/jquery-jvectormap-us-aea-en.js]
[www.aksisweb.com/theme/fixed/layouts-1/assets/lib/chart-c3/c3.min.js]
[www.aksisweb.com/theme/fixed/layouts-1/assets/lib/datatables/jquery.dataTables.min.js]
[www.aksisweb.com/theme/fixed/layouts-1/assets/lib/datatables/dataTables.responsive.min.js]
[www.aksisweb.com/theme/fixed/layouts-1/assets/lib/toast/jquery.toast.min.js]
[www.aksisweb.com/theme/fixed/layouts-1/assets/lib/chart-c3/d3.min.js]
[www.aksisweb.com/theme/fixed/layouts-1/assets/js/dashboard.js]
[www.aksisweb.com/theme/fixed/layouts-1/index.html]
[www.aksisweb.com/theme/fixed/layouts-1/assets/lib/bootstrap/css/bootstrap.min.css]
[www.aksisweb.com/theme/fixed/layouts-1/assets/lib/vectormap/jquery-jvectormap-2.0.2.css]
[www.aksisweb.com/theme/fixed/layouts-1/assets/lib/chart-c3/c3.min.css]
[www.aksisweb.com/theme/fixed/layouts-1/assets/lib/chartjs/chartjs-sass-default.css]
[www.aksisweb.com/theme/fixed/layouts-1/assets/lib/datatables/jquery.dataTables.min.css]
[www.aksisweb.com/theme/fixed/layouts-1/assets/lib/datatables/responsive.bootstrap.min.css]
[www.aksisweb.com/theme/fixed/layouts-1/assets/lib/toast/jquery.toast.min.css]
[www.aksisweb.com/theme/fixed/layouts-1/assets/scss/icons.css]
[www.aksisweb.com/theme/fixed/layouts-1/assets/img/world-map.png]
[www.aksisweb.com/theme/fixed/layouts-1/assets/scss/style.css]
[www.aksisweb.com/theme/fixed/layouts-1/assets/lib/flot/jquery.flot.tooltip.min.js]
[www.aksisweb.com/theme/fixed/layouts-1/assets/lib/flot/jquery.flot.resize.js]
[www.aksisweb.com/theme/fixed/layouts-1/widgets-apps.html]
[www.aksisweb.com/theme/fixed/layouts-1/widgets-data.html]
[www.aksisweb.com/theme/fixed/layouts-1/assets/lib/fullcalendar/fullcalendar.css]
[www.aksisweb.com/theme/fixed/layouts-1/assets/lib/sparkline/jquery.sparkline.min.js]
[www.aksisweb.com/theme/fixed/layouts-1/assets/lib/flot/jquery.flot.js]
[www.aksisweb.com/theme/fixed/layouts-1/assets/lib/momentJs/moment.min.js]
[www.aksisweb.com/theme/fixed/layouts-1/assets/js/fullcalendar.js]
[www.aksisweb.com/theme/fixed/layouts-1/app-calendar.html]
[www.aksisweb.com/theme/fixed/layouts-1/app-chat.html]
[www.aksisweb.com/theme/fixed/layouts-1/assets/img/avtar-7.png]
[www.aksisweb.com/theme/fixed/layouts-1/assets/lib/fullcalendar/fullcalendar.min.js]
[www.aksisweb.com/theme/fixed/layouts-1/assets/img/avtar-8.png]
[www.aksisweb.com/theme/fixed/layouts-1/app-ticket.html]
[www.aksisweb.com/theme/fixed/layouts-1/app-contact.html]
[www.aksisweb.com/theme/fixed/layouts-1/app-contact-detail.html]
[www.aksisweb.com/theme/fixed/layouts-1/mail-index.html]
[www.aksisweb.com/theme/fixed/layouts-1/mail-view.html]
[www.aksisweb.com/theme/fixed/layouts-1/assets/lib/wysihtml5/bootstrap-wysihtml5.css]
[www.aksisweb.com/theme/fixed/layouts-1/mail-compose.html]
[www.aksisweb.com/theme/fixed/layouts-1/assets/lib/wysihtml5/bootstrap-wysihtml5.js]
[www.aksisweb.com/theme/fixed/layouts-1/assets/lib/jquery-ui/jquery-ui.min.js]
[www.aksisweb.com/theme/fixed/layouts-1/assets/lib/jquery-ui/jquery-ui.css]
[www.aksisweb.com/theme/fixed/layouts-1/ui-jquery-elements.html]
[www.aksisweb.com/theme/fixed/layouts-1/ui-bootstrap-elements.html]
[www.aksisweb.com/theme/fixed/layouts-1/ui-typography.html]
[www.aksisweb.com/theme/fixed/layouts-1/assets/js/jquery.ui.custom.js]
[www.aksisweb.com/theme/fixed/layouts-1/ui-icons.html]
[www.aksisweb.com/theme/fixed/layouts-1/ui-buttons.html]
[www.aksisweb.com/theme/fixed/layouts-1/ui-cards.html]
[www.aksisweb.com/theme/fixed/layouts-1/ui-tabs.html]
[www.aksisweb.com/theme/fixed/layouts-1/assets/lib/card-master/card.css]
[www.aksisweb.com/theme/fixed/layouts-1/ui-card-master.html]
[www.aksisweb.com/theme/fixed/layouts-1/ui-tip-pop.html]
[www.aksisweb.com/theme/fixed/layouts-1/assets/lib/sweet-alerts2/sweetalert2.min.css]
[www.aksisweb.com/theme/fixed/layouts-1/ui-sweetalerts.html]
[www.aksisweb.com/theme/fixed/layouts-1/assets/lib/sweet-alerts2/sweetalert2.min.js]
[www.aksisweb.com/theme/fixed/layouts-1/assets/lib/card-master/card.js]
[www.aksisweb.com/theme/fixed/layouts-1/assets/lib/alertify/css/alertify.min.css]
[www.aksisweb.com/theme/fixed/layouts-1/assets/lib/alertify/css/themes/alertify-bootstrap.min.css]
[www.aksisweb.com/theme/fixed/layouts-1/ui-alertify.html]
[www.aksisweb.com/theme/fixed/layouts-1/assets/js/alertify.custom.js]
[www.aksisweb.com/theme/fixed/layouts-1/ui-modals.html]
[www.aksisweb.com/theme/fixed/layouts-1/ui-notification.html]
[www.aksisweb.com/theme/fixed/layouts-1/ui-progress.html]
[www.aksisweb.com/theme/fixed/layouts-1/ui-grid.html]
[www.aksisweb.com/theme/fixed/layouts-1/assets/img/gallery/1.jpg]
[www.aksisweb.com/theme/fixed/layouts-1/assets/lib/alertify/alertify.min.js]
[www.aksisweb.com/theme/fixed/layouts-1/assets/img/gallery/2.jpg]
[www.aksisweb.com/theme/fixed/layouts-1/assets/img/gallery/3.jpg]
[www.aksisweb.com/theme/fixed/layouts-1/assets/lib/wysihtml5/wysihtml5-0.3.0.js]
[www.aksisweb.com/theme/fixed/layouts-1/assets/img/gallery/4.jpg]
[www.aksisweb.com/theme/fixed/layouts-1/ui-carousel.html]
[www.aksisweb.com/theme/fixed/layouts-1/assets/lib/ion-range-sliders/ion.rangeSlider.css]
[www.aksisweb.com/theme/fixed/layouts-1/assets/lib/ion-range-sliders/ion.rangeSlider.skinHTML5.css]
[www.aksisweb.com/theme/fixed/layouts-1/ui-range-slider.html]
[www.aksisweb.com/theme/fixed/layouts-1/assets/lib/ion-range-sliders/ion.rangeSlider.min.js]
[www.aksisweb.com/theme/fixed/layouts-1/assets/lib/nestable/nestable.css]
[www.aksisweb.com/theme/fixed/layouts-1/ui-nestable.html]
[www.aksisweb.com/theme/fixed/layouts-1/assets/lib/nestable/jquery.nestable.js]
[www.aksisweb.com/theme/fixed/layouts-1/assets/lib/js-tree/dist/themes/default/style.css]
[www.aksisweb.com/theme/fixed/layouts-1/assets/lib/js-tree/dist/jstree.min.js]
[www.aksisweb.com/theme/fixed/layouts-1/ui-treeview.html]
[www.aksisweb.com/theme/fixed/layouts-1/ui-draggable-cards.html]
[www.aksisweb.com/theme/fixed/layouts-1/form-basic.html]
[www.aksisweb.com/theme/fixed/layouts-1/assets/lib/jquery-validate/jquery.validate.js]
[www.aksisweb.com/theme/fixed/layouts-1/form-validations.html]
[www.aksisweb.com/theme/fixed/layouts-1/assets/lib/formatter/jquery.formatter.min.js]
[www.aksisweb.com/theme/fixed/layouts-1/form-masks.html]
[www.aksisweb.com/theme/fixed/layouts-1/assets/lib/bootstrap-daterangepicker/daterangepicker.css]
[www.aksisweb.com/theme/fixed/layouts-1/assets/lib/clockpicker/bootstrap-clockpicker.min.css]
[www.aksisweb.com/theme/fixed/layouts-1/assets/lib/bootstrap-daterangepicker/moment.js]
[www.aksisweb.com/theme/fixed/layouts-1/assets/lib/bootstrap-daterangepicker/daterangepicker.js]
[www.aksisweb.com/theme/fixed/layouts-1/assets/lib/clockpicker/bootstrap-clockpicker.min.js]
[www.aksisweb.com/theme/fixed/layouts-1/form-picker.html]
[www.aksisweb.com/theme/fixed/layouts-1/assets/lib/summernote/summernote.css]
[www.aksisweb.com/theme/fixed/layouts-1/form-editor.html]
[www.aksisweb.com/theme/fixed/layouts-1/assets/lib/summernote/summernote.js]
[www.aksisweb.com/theme/fixed/layouts-1/assets/lib/dropzone/css/basic.css]
[www.aksisweb.com/theme/fixed/layouts-1/assets/lib/dropzone/css/dropzone.css]
[www.aksisweb.com/theme/fixed/layouts-1/form-file-upload.html]
[www.aksisweb.com/theme/fixed/layouts-1/assets/lib/dropzone/js/dropzone.js]
[www.aksisweb.com/theme/fixed/layouts-1/assets/lib/jquery-steps/jquery-steps.css]
[www.aksisweb.com/theme/fixed/layouts-1/assets/lib/jquery-steps/jquery.steps.min.js]
[www.aksisweb.com/theme/fixed/layouts-1/assets/lib/jquery-validate/jquery.validate.min.js]
[www.aksisweb.com/theme/fixed/layouts-1/form-wizard.html]
[www.aksisweb.com/theme/fixed/layouts-1/table-basic.html]
[www.aksisweb.com/theme/fixed/layouts-1/assets/lib/datatables/buttons.dataTables.css]
[www.aksisweb.com/theme/fixed/layouts-1/assets/lib/datatables/dataTables.buttons.min.js]
[www.aksisweb.com/theme/fixed/layouts-1/assets/lib/datatables/jszip.min.js]
[www.aksisweb.com/theme/fixed/layouts-1/assets/lib/datatables/buttons.html5.min.js]
[www.aksisweb.com/theme/fixed/layouts-1/table-data.html]
[www.aksisweb.com/theme/fixed/layouts-1/assets/lib/jsgrid/css/jsgrid.css]
[www.aksisweb.com/theme/fixed/layouts-1/assets/lib/jsgrid/css/theme.css]
[www.aksisweb.com/theme/fixed/layouts-1/assets/lib/jsgrid/jsgrid.min.js]
[www.aksisweb.com/theme/fixed/layouts-1/assets/lib/jsgrid/db.js]
[www.aksisweb.com/theme/fixed/layouts-1/table-js-grid.html]
[www.aksisweb.com/theme/fixed/layouts-1/assets/lib/footable/footable.core.css]
[www.aksisweb.com/theme/fixed/layouts-1/assets/lib/footable/footable.all.min.js]
[www.aksisweb.com/theme/fixed/layouts-1/table-foo.html]
[www.aksisweb.com/theme/fixed/layouts-1/assets/lib/flot/jquery.flot.pie.js]
[www.aksisweb.com/theme/fixed/layouts-1/assets/lib/flot/jquery.flot.time.js]
[www.aksisweb.com/theme/fixed/layouts-1/chart-flot.html]
[www.aksisweb.com/theme/fixed/layouts-1/assets/lib/morris/morris-0.4.3.min.css]
[www.aksisweb.com/theme/fixed/layouts-1/assets/js/flot.custom.js]
[www.aksisweb.com/theme/fixed/layouts-1/assets/lib/morris/morris.js]
[www.aksisweb.com/theme/fixed/layouts-1/assets/js/morris.custom.js]
[www.aksisweb.com/theme/fixed/layouts-1/chart-morris.html]
[www.aksisweb.com/theme/fixed/layouts-1/assets/lib/radial-charts/jquery.knob.js]
[www.aksisweb.com/theme/fixed/layouts-1/assets/lib/morris/raphael-2.1.0.min.js]
[www.aksisweb.com/theme/fixed/layouts-1/assets/lib/radial-charts/jquery.easypiechart.js]
[www.aksisweb.com/theme/fixed/layouts-1/chart-radial.html]
[www.aksisweb.com/theme/fixed/layouts-1/assets/js/radial.custom.js]
[www.aksisweb.com/theme/fixed/layouts-1/chart-c3.html]
[www.aksisweb.com/theme/fixed/layouts-1/assets/js/chart-c3.custom.js]
[www.aksisweb.com/theme/fixed/layouts-1/chart-sparkline.html]
[www.aksisweb.com/theme/fixed/layouts-1/assets/js/sparkline.custom.js]
[www.aksisweb.com/theme/fixed/layouts-1/assets/lib/rickshaw/rickshaw.min.js]
[www.aksisweb.com/theme/fixed/layouts-1/assets/js/rickshaw.custom.js]
[www.aksisweb.com/theme/fixed/layouts-1/chart-rickshaw.html]
[www.aksisweb.com/theme/fixed/layouts-1/assets/js/chartJs.custom.js]
[www.aksisweb.com/theme/fixed/layouts-1/chart-chartjs.html]
[www.aksisweb.com/theme/fixed/layouts-1/assets/lib/rickshaw/d3.v3.js]
[www.aksisweb.com/theme/fixed/layouts-1/assets/lib/vectormap/jquery-jvectormap-world-mill-en.js]
[www.aksisweb.com/theme/fixed/layouts-1/assets/lib/vectormap/jquery-jvectormap-in-mill.js]
[www.aksisweb.com/theme/fixed/layouts-1/assets/lib/vectormap/jquery-jvectormap-uk-mill-en.js]
[www.aksisweb.com/theme/fixed/layouts-1/assets/js/jvectormap.custom.js]
[www.aksisweb.com/theme/fixed/layouts-1/map-vector.html]
[www.aksisweb.com/theme/fixed/layouts-1/assets/lib/vectormap/jquery-jvectormap-au-mill.js]
[www.aksisweb.com/theme/fixed/layouts-1/assets/lib/google-map/gmaps.min.js]
[www.aksisweb.com/theme/fixed/layouts-1/map-google.html]
[www.aksisweb.com/theme/fixed/layouts-1/ecommerce-add.html]
[www.aksisweb.com/theme/fixed/layouts-1/assets/js/jquery.gmaps.js]
[www.aksisweb.com/theme/fixed/layouts-1/ecommerce-products.html]
[www.aksisweb.com/theme/fixed/layouts-1/ecommerce-orders.html]
[www.aksisweb.com/theme/fixed/layouts-1/corporate-add.html]
[www.aksisweb.com/theme/fixed/layouts-1/corporate-pages.html]
[www.aksisweb.com/theme/fixed/layouts-1/assets/lib/ajax-form/form.js]
[www.aksisweb.com/theme/fixed/layouts-1/examples-add-and-update.html]
[www.aksisweb.com/theme/fixed/layouts-1/examples-delete.html]
[www.aksisweb.com/theme/fixed/layouts-1/page-blank.html]
[www.aksisweb.com/theme/fixed/layouts-1/page-login.html]
[www.aksisweb.com/theme/fixed/layouts-1/page-register.html]
[www.aksisweb.com/theme/fixed/layouts-1/page-forget-password.html]
[www.aksisweb.com/theme/fixed/layouts-1/page-lockscreen.html]
[www.aksisweb.com/theme/fixed/layouts-1/page-404.html]
[www.aksisweb.com/theme/fixed/layouts-1/assets/lib/lightbox2/dist/css/lightbox.css]
[www.aksisweb.com/theme/fixed/layouts-1/assets/lib/lightbox2/dist/js/lightbox.min.js]
[www.aksisweb.com/theme/fixed/layouts-1/page-gallery.html]
[www.aksisweb.com/theme/fixed/layouts-1/assets/img/timeline/cd-icon-picture.svg]
[www.aksisweb.com/theme/fixed/layouts-1/assets/lib/summernote/summernote.min.js]
[www.aksisweb.com/theme/fixed/layouts-1/assets/img/timeline/cd-icon-movie.svg]
[www.aksisweb.com/theme/fixed/layouts-1/assets/img/timeline/cd-icon-location.svg]
[www.aksisweb.com/theme/fixed/layouts-1/page-timeline.html]
[www.aksisweb.com/theme/fixed/layouts-1/page-invoice.html]
[www.aksisweb.com/theme/fixed/layouts-1/page-profile.html]
[www.aksisweb.com/theme/fixed/layouts-1/page-faqs.html]
[www.aksisweb.com/theme/fixed/layouts-1/page-pricing.html]
[www.aksisweb.com/theme/fixed/layouts-1/assets/fonts/fontawesome-webfont3e6e.eot]
[www.aksisweb.com/theme/fixed/layouts-1/assets/fonts/fontawesome-webfontd41d.eot]
[www.aksisweb.com/theme/fixed/layouts-1/assets/lib/datatables/pdfmake.min.js]
[www.aksisweb.com/theme/fixed/layouts-1/assets/fonts/fontawesome-webfont3e6e.woff2]
[www.aksisweb.com/theme/fixed/layouts-1/assets/lib/datatables/vfs_fonts.js]
[www.aksisweb.com/theme/fixed/layouts-1/assets/fonts/fontawesome-webfont3e6e.woff]
[www.aksisweb.com/theme/fixed/layouts-1/assets/fonts/fontawesome-webfont3e6e.svg]
[www.aksisweb.com/theme/fixed/layouts-1/assets/fonts/Simple-Line-Icons4c82.eot]
[www.aksisweb.com/theme/fixed/layouts-1/assets/fonts/Simple-Line-Icons4c82.ttf]
[www.aksisweb.com/theme/fixed/layouts-1/assets/fonts/Simple-Line-Icons4c82.woff2]
[www.aksisweb.com/theme/fixed/layouts-1/assets/fonts/Simple-Line-Icons4c82.woff]
[www.aksisweb.com/theme/fixed/layouts-1/assets/fonts/Simple-Line-Icons4c82.svg]
[www.aksisweb.com/theme/fixed/layouts-1/assets/fonts/weathericons-regular-webfont.eot]
[www.aksisweb.com/theme/fixed/layouts-1/assets/fonts/weathericons-regular-webfont.woff]
[www.aksisweb.com/theme/fixed/layouts-1/assets/fonts/weathericons-regular-webfontd41d.eot]
[www.aksisweb.com/theme/fixed/layouts-1/assets/fonts/weathericons-regular-webfont.ttf]
[www.aksisweb.com/theme/fixed/layouts-1/assets/fonts/weathericons-regular-webfont.svg]
[www.aksisweb.com/theme/fixed/layouts-1/assets/scss/icons.css]
[www.aksisweb.com/theme/fixed/layouts-1/assets/lib/fullcalendar/fullcalendar.css]
[www.aksisweb.com/theme/fixed/layouts-1/assets/lib/themify-icons/themify-icons.html]
[www.aksisweb.com/theme/fixed/layouts-1/assets/lib/wysihtml5/bootstrap-wysihtml5.css]
[www.aksisweb.com/theme/fixed/layouts-1/assets/lib/jquery-ui/images/ui-icons_444444_256x240.png]
[www.aksisweb.com/theme/fixed/layouts-1/assets/lib/jquery-ui/images/ui-icons_555555_256x240.png]
[www.aksisweb.com/theme/fixed/layouts-1/assets/lib/jquery-ui/images/ui-icons_ffffff_256x240.png]
[www.aksisweb.com/theme/fixed/layouts-1/assets/lib/jquery-ui/images/ui-icons_777620_256x240.html]
[www.aksisweb.com/theme/fixed/layouts-1/assets/lib/jquery-ui/images/ui-icons_cc0000_256x240.html]
[www.aksisweb.com/theme/fixed/layouts-1/assets/lib/jquery-ui/images/ui-icons_777777_256x240.png]
[www.aksisweb.com/theme/fixed/layouts-1/assets/lib/jquery-ui/jquery-ui.css]
[www.aksisweb.com/theme/fixed/layouts-1/assets/lib/card-master/card.css]
[www.aksisweb.com/theme/fixed/layouts-1/assets/lib/sweet-alerts2/sweetalert2.min.css]
[www.aksisweb.com/theme/fixed/layouts-1/assets/lib/alertify/css/alertify.min.css]
[www.aksisweb.com/theme/fixed/layouts-1/assets/lib/alertify/css/themes/alertify-bootstrap.min.css]
[www.aksisweb.com/theme/fixed/layouts-1/assets/lib/ion-range-sliders/ion.rangeSlider.css]
[www.aksisweb.com/theme/fixed/layouts-1/assets/lib/ion-range-sliders/ion.rangeSlider.skinHTML5.css]
[www.aksisweb.com/theme/fixed/layouts-1/assets/lib/nestable/nestable.css]
[www.aksisweb.com/theme/fixed/layouts-1/assets/lib/js-tree/dist/themes/default/32px.png]
[www.aksisweb.com/theme/fixed/layouts-1/assets/lib/js-tree/dist/themes/default/throbber.gif]
[www.aksisweb.com/theme/fixed/layouts-1/assets/lib/js-tree/dist/themes/default/40px.png]
[www.aksisweb.com/theme/fixed/layouts-1/assets/lib/js-tree/dist/themes/default/style.css]
[www.aksisweb.com/theme/fixed/layouts-1/assets/lib/bootstrap-daterangepicker/daterangepicker.css]
[www.aksisweb.com/theme/fixed/layouts-1/assets/lib/clockpicker/bootstrap-clockpicker.min.css]
[www.aksisweb.com/theme/fixed/layouts-1/assets/lib/summernote/font/summernote6f27.eot]
[www.aksisweb.com/theme/fixed/layouts-1/assets/lib/summernote/font/summernoted41d.eot]
[www.aksisweb.com/theme/fixed/layouts-1/assets/lib/summernote/font/summernote6f27.woff]
[www.aksisweb.com/theme/fixed/layouts-1/assets/lib/summernote/summernote.css]
[www.aksisweb.com/theme/fixed/layouts-1/assets/lib/dropzone/css/basic.css]
[www.aksisweb.com/theme/fixed/layouts-1/assets/lib/dropzone/images/spritemap.png]
[www.aksisweb.com/theme/fixed/layouts-1/assets/lib/dropzone/images/spritemap@2x.html]
[www.aksisweb.com/theme/fixed/layouts-1/assets/lib/dropzone/css/dropzone.css]
[www.aksisweb.com/theme/fixed/layouts-1/assets/lib/jquery-steps/jquery-steps.css]
[www.aksisweb.com/theme/fixed/layouts-1/assets/lib/datatables/buttons.dataTables.css]
[www.aksisweb.com/theme/fixed/layouts-1/assets/lib/jsgrid/css/jsgrid.css]
[www.aksisweb.com/theme/fixed/layouts-1/assets/lib/jsgrid/css/icons.png]
[www.aksisweb.com/theme/fixed/layouts-1/assets/lib/jsgrid/css/icons-2x.png]
[www.aksisweb.com/theme/fixed/layouts-1/assets/lib/jsgrid/css/theme.css]
[www.aksisweb.com/theme/fixed/layouts-1/assets/lib/footable/fonts/footable.eot]
[www.aksisweb.com/theme/fixed/layouts-1/assets/lib/footable/fonts/footabled41dd41d.eot]
[www.aksisweb.com/theme/fixed/layouts-1/assets/lib/footable/fonts/footable.woff]
[www.aksisweb.com/theme/fixed/layouts-1/assets/lib/footable/fonts/footable.ttf]
[www.aksisweb.com/theme/fixed/layouts-1/assets/lib/footable/fonts/footable.html]
[www.aksisweb.com/theme/fixed/layouts-1/assets/lib/footable/footable.core.css]
[www.aksisweb.com/theme/fixed/layouts-1/assets/lib/morris/morris-0.4.3.min.css]
[www.aksisweb.com/theme/fixed/layouts-1/assets/lib/summernote/summernote-bs3.html]
[www.aksisweb.com/theme/fixed/layouts-1/assets/lib/lightbox2/dist/images/close.png]
[www.aksisweb.com/theme/fixed/layouts-1/assets/lib/lightbox2/dist/images/loading.gif]
[www.aksisweb.com/theme/fixed/layouts-1/assets/lib/lightbox2/dist/images/prev.png]
[www.aksisweb.com/theme/fixed/layouts-1/assets/lib/lightbox2/dist/images/next.png]
[www.aksisweb.com/theme/fixed/layouts-1/assets/lib/lightbox2/dist/css/lightbox.css]
[www.aksisweb.com/theme/fixed/layouts-1/assets/img/timeline/cd-icon-picture.svg]
[www.aksisweb.com/theme/fixed/layouts-1/assets/img/timeline/cd-icon-movie.svg]
[www.aksisweb.com/theme/fixed/layouts-1/assets/img/timeline/cd-icon-location.svg]
[www.aksisweb.com/theme/fixed/layouts-1/assets/fonts/fontawesome-webfont3e6e.ttf]
[www.aksisweb.com/theme/fixed/layouts-1/assets/fonts/fontawesome-webfont3e6e.svg]
[www.aksisweb.com/theme/fixed/layouts-1/assets/fonts/Simple-Line-Icons4c82.svg]
[www.aksisweb.com/theme/fixed/layouts-1/assets/fonts/weathericons-regular-webfont.svg]
[www.aksisweb.com/theme/fixed/layouts-1/assets/lib/jquery-ui/images/ui-icons_777620_256x240.html]
[www.aksisweb.com/theme/fixed/layouts-1/assets/lib/jquery-ui/images/ui-icons_cc0000_256x240.html]
[www.aksisweb.com/theme/fixed/layouts-1/assets/fonts/Simple-Line-Iconsd41d.eot]
[www.aksisweb.com/theme/fixed/layouts-1/assets/fonts/weathericons-regular-webfont.woff2]
[www.aksisweb.com/theme/fixed/layouts-1/assets/lib/summernote/font/summernote6f27.ttf]
[www.aksisweb.com/theme/fixed/layouts-1/assets/lib/dropzone/images/spritemap@2x.html]
[www.aksisweb.com/theme/fixed/layouts-1/assets/lib/footable/fonts/footable.html]
